[kenalkraftradisional.blogspot.com/2008/11/corak-dan-motif-songket.html]
[backblue.gif]
[fade.gif]
[index.html]
[resources.blogblog.com/blogblog/data/harbor/rocks_left.jpg]
[resources.blogblog.com/blogblog/data/harbor/sky_left.jpg]
[resources.blogblog.com/blogblog/data/harbor/lighthouse_left.jpg]
[resources.blogblog.com/blogblog/data/harbor/cloud_left.jpg]
[resources.blogblog.com/blogblog/data/harbor/center_cloud_left.jpg]
[resources.blogblog.com/blogblog/data/harbor/icon_lighthouse.gif]
[resources.blogblog.com/blogblog/data/harbor/icon_lighthouse2.gif]
[resources.blogblog.com/blogblog/data/harbor/divider.gif]
[apis.google.com/js/platform.js]
[pagead2.googlesyndication.com/pagead/js/f.txt]
[resources.blogblog.com/img/icon18_edit_allbkg.gif]
[kenalkraftradisional.blogspot.com/2008/11/definisi-songket_11.html]
[kenalkraftradisional.blogspot.com/2008/11/proses-menenun_11.html]
[blogger.googleusercontent.com/img/b/R29vZ2xl/AVvXsEirk-2Gb7G1-jdGULwmPkzhME-_S9a097TGDrv4wR8/s180/3.jpg]
[blogger.googleusercontent.com/img/b/R29vZ2xl/AVvXsEjy9U1FMJ-G9uNEqYd2o6VvvtzFUacddwUrwU9EiK0/s180/1.jpg]
[blogger.googleusercontent.com/img/b/R29vZ2xl/AVvXsEhLA0Ip5EIMGFSe6xrNdAeHFoNaqCPEheRl_ZFEir-/s220/Picture2.jpg]
[blogger.googleusercontent.com/img/b/R29vZ2xl/AVvXsEjwjVxb_WHJVixY_7Jvm7WNJhpLHYUAQpTab-U8aEi/s220/Picture3.jpg]
[blogger.googleusercontent.com/img/b/R29vZ2xl/AVvXsEh5Vj2Ei3nR7XAx58J8kUxwNoFD9YJPmtAHcrlcCOX/s220/SONGKET.JPG]
[www.blogger.com/img/logo-16.png]
[kenalkraftradisional.blogspot.com/2008/11/pengenalan.html]
[blogger.googleusercontent.com/img/b/R29vZ2xl/AVvXsEiLF7-NZpjbpm9N2HWfdx1iAG0R40tERECOFIGbKoy/s570/5.jpg]
[blogger.googleusercontent.com/img/b/R29vZ2xl/AVvXsEg9IJA5raQY0Zs5eh7Sd4L19iUdPiiF_ug4n5IIjIK/s570/Picture6.jpg]
[www.blogger.com/static/v1/widgets/2838643729-widgets.js]
[kenalkraftradisional.blogspot.com/2008/11/corak-dan-motif-songket.html]
[www.blogger.com/img/widgets/stats-flipper.png]
[resources.blogblog.com/img/widgets/s_top.png]
[www.blogger.com/static/v1/widgets/55013136-widget_css_bundle.css]
[www.blogger.com/dyn-css/authorization7178.css]
[kenalkraftradisional.blogspot.com/2008/11/definisi-songket_11.html]
[kenalkraftradisional.blogspot.com/2008/11/proses-menenun_11.html]
[kenalkraftradisional.blogspot.com/2008/11/pengenalan.html]
