[disbud.bulelengkab.go.id/assets/image/logo_buleleng_100.png]
[backblue.gif]
[fade.gif]
[index.html]
[disbud.bulelengkab.go.id/uploads/konten/31_kain-songket-buleleng.jpg]
[cdnjs.cloudflare.com/ajax/libs/font-awesome/6.6.0/css/all.min.css]
[disbud.bulelengkab.go.id/uploads/header_bg/disbud.92.png]
[disbud.bulelengkab.go.id/uploads/konten/thumbnail/36_disbud-buleleng-ngelar-lomba-bulan-bahasa-bali-vii-tahun-2025-mengusung-tema-jagat-kerti-jagra-hitha-samasta.jpg]
[disbud.bulelengkab.go.id/uploads/konten/thumbnail/26_penyelenggaraan-bulan-bahasa-bali-vii-tahun-2025-dengan-tema-jagat-kerthi-jagra-hita-samasta.jpg]
[disbud.bulelengkab.go.id/uploads/konten/thumbnail/78_rapat-pembahasan-dan-penetapan-kriteria-pesta-kesenian-bali-pkbxlvii.jpg]
[disbud.bulelengkab.go.id/uploads/konten/thumbnail/71_apel-pagi-dinas-kebudayaan-buleleng-tinjau-sosialisasi-dan-evaluasi-kinerja.jpg]
[disbud.bulelengkab.go.id/uploads/konten/thumbnail/75_apel-pagi-dinas-kebudayaan-buleleng-tekankan-kedisiplinan-dan-penyelesaian-laporan.jpg]
[disbud.bulelengkab.go.id/uploads/konten/thumbnail/22_persiapan-lomba-bulan-bahasa-vii-tahun-2025-kabupaten-buleleng.jpg]
[disbud.bulelengkab.go.id/uploads/konten/thumbnail/58_disbud-gelar-rapat-lanjutan-pelaksanaan-pkb-xlvii-provinsi-bali-tahun-2025.jpg]
[disbud.bulelengkab.go.id/assets/image/bg_kota.png]
[connect.facebook.net/id_ID/all.js]
[code.jquery.com/jquery-3.5.1.js]
[disbud.bulelengkab.go.id/assets/front_end/bootstrap/js/bootstrap.bundle.min.js]
[disbud.bulelengkab.go.id/assets/front_end/owlcarousel/owl.carousel.min.js]
[disbud.bulelengkab.go.id/assets/back_end/myscript.js]
[disbud.bulelengkab.go.id/assets/back_end/admin_lte/plugins/datatables/jquery.dataTables.min.js]
[disbud.bulelengkab.go.id/assets/back_end/admin_lte/plugins/datatables-bs4/js/dataTables.bootstrap4.min.js]
[disbud.bulelengkab.go.id/informasi/detail/artikel/31_kain-songket-buleleng.html]
[disbud.bulelengkab.go.id/assets/front_end/bootstrap/css/bootstrap.css]
[cdnjs.cloudflare.com/ajax/libs/font-awesome/6.6.0/css/all.min.css]
[disbud.bulelengkab.go.id/assets/front_end/owlcarousel/css/owl.video.play.png]
[disbud.bulelengkab.go.id/assets/front_end/owlcarousel/css/owl.carousel.min.css]
[disbud.bulelengkab.go.id/assets/front_end/owlcarousel/css/owl.theme.default.min.css]
[disbud.bulelengkab.go.id/assets/back_end/admin_lte/plugins/sweetalert2-theme-bootstrap-4/bootstrap-4.min.css]
[disbud.bulelengkab.go.id/assets/front_end/style_instansi.css]
[disbud.bulelengkab.go.id/assets/image/logo_buleleng_600.png]
[disbud.bulelengkab.go.id/assets/image/no_data.jpg]
[disbud.bulelengkab.go.id/informasi/detail/artikel/-.html]
[connect.facebook.net/id_ID/all.js]
[widget.kominfo.go.id/gpr-widget-kominfo.min.js]
