[bloghambestore.blogspot.com/p/mengenal-keaslian-songket-kami.html]
[backblue.gif]
[fade.gif]
[index.html]
[www.blogblog.com/1kt/transparent/white80.png]
[www.blogblog.com/1kt/transparent/header_gradient_shade.png]
[www.blogblog.com/1kt/transparent/tabs_gradient_shade.png]
[resources.blogblog.com/blogblog/data/1kt/transparent/black50.png]
[apis.google.com/js/platform.js]
[pagead2.googlesyndication.com/pagead/js/f.txt]
[resources.blogblog.com/img/icon18_edit_allbkg.gif]
[blogger.googleusercontent.com/img/b/R29vZ2xl/AVvXsEjm8nkDOuc95olE1G8B1gkujUNniQQAgNVkTl1F_r4/s1600-r/Mengenalkan-Kain-Tenun-Songket.jpg]
[bloghambestore.blogspot.com/p/blog-page.html]
[bloghambestore.blogspot.com/p/malay-version.html]
[www.blogger.com/static/v1/widgets/3443796911-widgets.js]
[bloghambestore.blogspot.com/p/mengenal-keaslian-songket-kami.html]
[www.blogger.com/img/widgets/stats-flipper.png]
[resources.blogblog.com/img/widgets/s_top.png]
[www.blogger.com/static/v1/widgets/3566091532-css_bundle_v2.css]
[www.blogger.com/dyn-css/authorizationf2d1.css]
[cbsnews1.cbsistatic.com/hub/i/r/2012/04/11/55676cc3-a644-11e2-a3f0-029118418759/thumbnail/620x350/d783e7a964838049b5069df8887f6f0d/malay_coronation_apAP12041108127.jpg]
[64.media.tumblr.com/8dde548c6296c68e926eb449e3e098c7/tumblr_na3f17S1S91rkesuyo1_500.jpg]
[harisons.com.my/547-thickbox_default/samping-songket.15.delayed]
[www.utusan.com.my/polopoly_fs/1.114318.1436954858!/image/image.jpg_gen/derivatives/landscape_650/image.17.delayed]
[missmurai.com/wp-content/uploads/2014/05/songket-1.jpg]
[i.pinimg.com/236x/ba/09/4e/ba094e7325ba4ddb9c33510a58e8ea93.jpg]
[bloghambestore.blogspot.com/p/blog-page.html]
[bloghambestore.blogspot.com/p/malay-version.html]
[www.alumniuitm.org.my/site/wp-content/uploads/2014/06/main_oo_0104_p20a.html]
[harisons.com.my/547-thickbox_default/samping-songket.html]
[lh3.googleusercontent.com/-_Chx8OJjK74/VXkwhzQ_5iI/AAAAAAAActs/jTI9OEo55pI/image%2520%25284%2529_thumb%255B12%255D26a3.png]
[www.utusan.com.my/polopoly_fs/1.114318.1436954858!/image/image.jpg_gen/derivatives/landscape_650/image.html]
[4.bp.blogspot.com/-qlYqF9rP77Q/U73VNKkiD2I/AAAAAAAADjY/m_TubCvNUUs/s400/ROTIKAYA_131-Gambar-Resepsi-Perkahwinan-Khairul-Fahmi-Leuniey-Natasha-Di-Kelantan-ROTIKAYA-590x395.png]
