[espoletta.com/2019/12/11/the-lost-culture-of-the-beautiful-kebaya/index.html]
[backblue.gif]
[fade.gif]
[index.html]
[espoletta.com/wp-includes/css/dist/block-library/style.min0899.css]
[espoletta.com/wp-content/plugins/ultimate-social-media-icons/css/sfsi-style76ed.css]
[espoletta.com/2019/12/11/the-lost-culture-of-the-beautiful-kebaya/feed/index.html]
[espoletta.com/wp-content/plugins/wp-user-avatar/assets/css/frontend.min101c.css]
[espoletta.com/wp-content/plugins/wp-user-avatar/assets/flatpickr/flatpickr.min101c.css]
[espoletta.com/wp-content/plugins/wp-user-avatar/assets/select2/select2.min0899.css]
[espoletta.com/wp-content/plugins/yop-poll/public/assets/css/yop-poll-public-6.5.370899.css]
[espoletta.com/wp-content/themes/catch-box/genericons/genericons5589.css]
[espoletta.com/wp-content/themes/catch-box/style500f.css]
[espoletta.com/wp-content/themes/catch-box/css/blocks5152.css]
[espoletta.com/wp-content/plugins/darklup-lite-wp-dark-mode/assets/css/darkluplite-switche32a.css]
[espoletta.com/wp-content/plugins/darklup-lite-wp-dark-mode/assets/css/darkluplite-variablese32a.css]
[espoletta.com/wp-content/plugins/visitors-traffic-real-time-statistics/js/front0899.js]
[espoletta.com/wp-includes/js/jquery/jquery.minf43b.js]
[espoletta.com/wp-includes/js/jquery/jquery-migrate.min5589.js]
[espoletta.com/wp-content/plugins/wp-user-avatar/assets/flatpickr/flatpickr.min101c.js]
[espoletta.com/wp-content/plugins/wp-user-avatar/assets/select2/select2.min101c.js]
[espoletta.com/wp-content/plugins/yop-poll/public/assets/js/yop-poll-public-6.5.37.min0899.js]
[espoletta.com/wp-content/themes/catch-box/js/menu.min87cf.js]
[espoletta.com/wp-content/themes/catch-box/js/html5.min1ac1.js]
[espoletta.com/wp-content/plugins/darklup-lite-wp-dark-mode/assets/es-js/presetsdb7a.js]
[espoletta.com/wp-content/uploads/2019/04/cropped-Espoletta-Logo-Only-32x32.png]
[espoletta.com/wp-content/uploads/2019/04/cropped-Espoletta-Logo-Only-192x192.png]
[espoletta.com/wp-content/uploads/2019/04/cropped-Espoletta-Logo-Only-180x180.png]
[espoletta.com/wp-content/uploads/2020/12/FB_logo-1-wboarder-19.png]
[espoletta.com/wp-content/uploads/2020/02/kebaya.jpg]
[espoletta.com/wp-content/uploads/2019/12/70041156_2232938956828966_7173647097256738816_o.jpg]
[espoletta.com/wp-content/uploads/2019/12/70923175_2238829279573267_5828574287744729088_o.jpg]
[espoletta.com/wp-content/uploads/2019/12/60713453_2047305592058971_3442104133815894016_o.jpg]
[espoletta.com/wp-content/uploads/2019/12/javanese-kebaya.jpg]
[espoletta.com/wp-content/uploads/2020/02/DSC_7140-1.jpg]
[espoletta.com/wp-content/uploads/2020/01/70139485_2238345136288348_1654672490502291456_o.jpg]
[espoletta.com/wp-content/uploads/2020/02/brooch.jpg]
[espoletta.com/wp-content/uploads/2020/01/68326796_2190283494427846_1274999640688689152_o.jpg]
[espoletta.com/wp-content/uploads/2020/01/69319959_2218049971651198_1155389186656698368_o.jpg]
[espoletta.com/wp-content/uploads/2019/11/Li-Wei-100x100.jpg]
[connect.facebook.net/en_US/sdk.js]
[espoletta.com/wp-content/plugins/ultimate-social-media-icons/images/icons_theme/default/default_email.png]
[espoletta.com/wp-content/plugins/ultimate-social-media-icons/images/icons_theme/default/default_twitter.png]
[espoletta.com/wp-content/plugins/ultimate-social-media-icons/images/visit_icons/Visit_us_twitter/icon_Visit_us_en_US.png]
[espoletta.com/wp-content/plugins/ultimate-social-media-icons/images/icons_theme/default/default_facebook.png]
[espoletta.com/wp-content/plugins/ultimate-social-media-icons/images/visit_icons/Visit_us_fb/icon_Visit_us_en_US.png]
[espoletta.com/wp-content/plugins/ultimate-social-media-icons/images/icons_theme/default/default_instagram.png]
[espoletta.com/wp-content/plugins/ultimate-social-media-icons/images/icons_theme/default/default_linkedin.png]
[espoletta.com/wp-content/plugins/wp-content-copy-protector/images/warning.png]
[espoletta.com/wp-content/plugins/social-polls-by-opinionstage/assets/js/shortcodes6f44.js]
[espoletta.com/wp-includes/js/jquery/ui/core.minb37e.js]
[espoletta.com/wp-content/plugins/ultimate-social-media-icons/js/shuffle/modernizr.custom.min0899.js]
[espoletta.com/wp-content/plugins/ultimate-social-media-icons/js/shuffle/jquery.shuffle.min0899.js]
[espoletta.com/wp-content/plugins/ultimate-social-media-icons/js/shuffle/random-shuffle-min0899.js]
[espoletta.com/wp-content/plugins/ultimate-social-media-icons/js/custom76ed.js]
[espoletta.com/wp-content/plugins/wp-user-avatar/assets/js/frontend.min101c.js]
[espoletta.com/wp-content/themes/catch-box/js/skip-link-focus-fixfcb8.js]
[espoletta.com/wp-includes/js/comment-reply.min0899.js]
[espoletta.com/wp-content/themes/catch-box/js/catchbox-scrollup.min4842.js]
[espoletta.com/wp-content/plugins/q2w3-fixed-widget/js/frontend.min18cf.js]
[espoletta.com/2019/12/11/the-lost-culture-of-the-beautiful-kebaya/index.html]
[espoletta.com/wp-content/plugins/akismet/_inc/akismet-frontend7be3.js]
[espoletta.com/wp-includes/css/dist/block-library/style.min0899.css]
[espoletta.com/wp-content/plugins/ultimate-social-media-icons/css/fonts/helvetica_bold_0-webfont.eot]
[espoletta.com/wp-content/plugins/ultimate-social-media-icons/css/fonts/helvetica_bold_0-webfontd41d.eot]
[espoletta.com/wp-content/plugins/ultimate-social-media-icons/css/fonts/helvetica_bold_0-webfont.woff]
[espoletta.com/wp-content/plugins/ultimate-social-media-icons/css/fonts/helvetica_bold_0-webfont.ttf]
[espoletta.com/wp-content/plugins/ultimate-social-media-icons/css/fonts/helvetica_bold_0-webfont.svg]
[espoletta.com/wp-content/plugins/ultimate-social-media-icons/css/fonts/helvetica_0-webfont.eot]
[espoletta.com/wp-content/plugins/ultimate-social-media-icons/css/fonts/helvetica_0-webfontd41d.eot]
[espoletta.com/wp-content/plugins/ultimate-social-media-icons/css/fonts/helvetica_0-webfont.woff]
[espoletta.com/wp-content/plugins/ultimate-social-media-icons/css/fonts/helvetica_0-webfont.ttf]
[espoletta.com/wp-content/plugins/ultimate-social-media-icons/css/fonts/helvetica_0-webfont.svg]
[espoletta.com/wp-content/plugins/ultimate-social-media-icons/css/fonts/helveticaneue-light.eot]
[espoletta.com/wp-content/plugins/ultimate-social-media-icons/css/fonts/helveticaneue-lightd41d.eot]
[espoletta.com/wp-content/plugins/ultimate-social-media-icons/css/fonts/helveticaneue-light.woff]
[espoletta.com/wp-content/plugins/ultimate-social-media-icons/css/fonts/helveticaneue-light.ttf]
[espoletta.com/wp-content/plugins/ultimate-social-media-icons/css/fonts/helveticaneue-light.svg]
[espoletta.com/wp-content/plugins/ultimate-social-media-icons/images/count_bg.png]
[espoletta.com/wp-content/plugins/ultimate-social-media-icons/images/check_bg.jpg]
[espoletta.com/wp-content/plugins/ultimate-social-media-icons/images/radio_bg.png]
[espoletta.com/wp-content/plugins/ultimate-social-media-icons/images/select_bg.jpg]
[espoletta.com/wp-content/plugins/ultimate-social-media-icons/images/count_bg.jpg]
[espoletta.com/wp-content/plugins/ultimate-social-media-icons/images/select_bg1.jpg]
[espoletta.com/wp-content/plugins/ultimate-social-media-icons/images/tab_3_list_bg.jpg]
[espoletta.com/wp-content/plugins/ultimate-social-media-icons/images/ajax-loader.gif]
[espoletta.com/wp-content/plugins/ultimate-social-media-icons/images/bot_tip_icn.png]
[espoletta.com/wp-content/plugins/ultimate-social-media-icons/css/images/count_top_arow.png]
[espoletta.com/wp-content/plugins/ultimate-social-media-icons/css/images/count_left_arow.png]
[espoletta.com/wp-content/plugins/ultimate-social-media-icons/css/sfsi-style76ed.css]
[espoletta.com/wp-content/plugins/wp-user-avatar/assets/css/material-icons/MaterialIcons-Regular.woff2]
[espoletta.com/wp-content/plugins/wp-user-avatar/assets/css/material-icons/MaterialIcons-Regular.woff]
[espoletta.com/wp-content/plugins/wp-user-avatar/assets/images/frontend/arrow-down.png]
[espoletta.com/wp-content/plugins/wp-user-avatar/assets/css/frontend.min101c.css]
[espoletta.com/wp-content/plugins/wp-user-avatar/assets/flatpickr/flatpickr.min101c.css]
[espoletta.com/wp-content/plugins/wp-user-avatar/assets/select2/select2.min0899.css]
[espoletta.com/wp-content/plugins/yop-poll/public/assets/css/yop-poll-public-6.5.370899.css]
[espoletta.com/wp-content/themes/catch-box/genericons/Genericons.eot]
[espoletta.com/wp-content/themes/catch-box/genericons/Genericonsd41d.eot]
[espoletta.com/wp-content/themes/catch-box/genericons/Genericons.ttf]
[espoletta.com/wp-content/themes/catch-box/genericons/genericons5589.css]
[espoletta.com/wp-content/themes/catch-box/genericons/Genericons.svg]
[espoletta.com/wp-content/themes/catch-box/images/social-profiles.png]
[espoletta.com/wp-content/themes/catch-box/style500f.css]
[espoletta.com/wp-content/themes/catch-box/css/blocks5152.css]
[espoletta.com/wp-content/plugins/darklup-lite-wp-dark-mode/assets/css/darkluplite-switche32a.css]
[espoletta.com/wp-content/plugins/darklup-lite-wp-dark-mode/assets/css/darkluplite-variablese32a.css]
[espoletta.com/wp-content/plugins/darklup-lite-wp-dark-mode/assets/css/dark-style0899.css]
[connect.facebook.net/en_US/sdk.js]
[espoletta.com/wp-content/plugins/ultimate-social-media-icons/css/fonts/helvetica_bold_0-webfont.svg]
[espoletta.com/wp-content/plugins/ultimate-social-media-icons/css/fonts/helvetica_0-webfont.svg]
[espoletta.com/wp-content/plugins/ultimate-social-media-icons/css/fonts/helveticaneue-light.svg]
[espoletta.com/wp-content/themes/catch-box/genericons/Genericons.svg]
