[warisansongket.weebly.com/index.html]
[backblue.gif]
[fade.gif]
[index.html]
[warisansongket.weebly.com/uploads/1/3/8/5/13850108/1355285286.png]
[cdn1.editmysite.com/editor/libraries/fancybox/fancyboxd8c1.css]
[cdn1.editmysite.com/editor/images/common/common-v2dc3c.css]
[warisansongket.weebly.com/files/main_stylefd46.css]
[warisansongket.weebly.com/uploads/1/3/8/5/13850108/header_images/1355285135.jpg]
[ajax.googleapis.com/ajax/libs/jquery/1.7.2/jquery.min.js]
[cdn1.editmysite.com/editor/libraries/jquery_effectsd8c1.js]
[cdn1.editmysite.com/editor/libraries/jquery.animated8c1.js]
[cdn1.editmysite.com/editor/libraries/fancybox/fancybox.mind8c1.js]
[cdn1.editmysite.com/editor/images/common/utilities-jqd8c1.js]
[cdn1.editmysite.com/editor/libraries/flyout_menus_jqd8c1.js]
[warisansongket.weebly.com/index-2.html]
[warisansongket.weebly.com/sejarah.html]
[warisansongket.weebly.com/jenis-corak.html]
[warisansongket.weebly.com/motif.html]
[warisansongket.weebly.com/cara-pembuatan.html]
[warisansongket.weebly.com/bahan-dan-peralatan.html]
[cdn2.editmysite.com/images/site/footer/footer-toast-published-image-1.png]
[cdn2.editmysite.com/js/site/footerSignup90f5.js]
[warisansongket.weebly.com/galeri.html]
[warisansongket.weebly.com/index.html]
[cdn1.editmysite.com/editor/libraries/fancybox/fancybox_sprite.png]
[cdn2.editmysite.com/js/wsnbn/snowday262.js]
[cdn1.editmysite.com/editor/libraries/fancybox/fancybox_loading.gif]
[cdn1.editmysite.com/editor/libraries/fancybox/blank.gif]
[cdn1.editmysite.com/editor/libraries/fancybox/fancybox_overlay.png]
[cdn1.editmysite.com/editor/libraries/fancybox/fancyboxd8c1.css]
[cdn1.editmysite.com/editor/images/common/form_input_bg.gif]
[cdn1.editmysite.com/editor/images/common/buttons/small_grey.png]
[cdn1.editmysite.com/editor/images/common/buttons/small_blue.png]
[cdn1.editmysite.com/editor/images/common/buttons/large_greyc81e.png]
[cdn1.editmysite.com/editor/images/common/buttons/large_blue.png]
[cdn1.editmysite.com/editor/images/common/search_button.png]
[cdn1.editmysite.com/editor/images/common/search-light.png]
[cdn1.editmysite.com/editor/images/common/social_iconsc81e.png]
[cdn1.editmysite.com/weebly/images/blogging/blog-comment-button.png]
[cdn1.editmysite.com/weebly/images/blogging/blog-comment-header.png]
[cdn1.editmysite.com/weebly/images/blogging/blog-comment-pointer.png]
[cdn1.editmysite.com/weebly/images/blogging/blog-comment-link.png]
[cdn1.editmysite.com/weebly/images/blogging/blog-comment-header-author.png]
[cdn1.editmysite.com/weebly/images/blogging/blog-comment-pointer-author.png]
[cdn1.editmysite.com/weebly/images/blogging/blog-comment-field-bg.png]
[cdn1.editmysite.com/weebly/images/blogging/dark-blog-comment-header.png]
[cdn1.editmysite.com/weebly/images/blogging/dark-blog-comment-pointer.png]
[cdn1.editmysite.com/weebly/images/blogging/dark-blog-comment-header-author.png]
[cdn1.editmysite.com/weebly/images/blogging/dark-blog-comment-pointer-author.png]
[cdn1.editmysite.com/weebly/images/blogging/dark-blog-comment-link.png]
[cdn1.editmysite.com/editor/images/images/blank.gif]
[cdn1.editmysite.com/editor/libraries/lightbox202/images/prevlabel.gif]
[cdn1.editmysite.com/editor/libraries/lightbox202/images/nextlabel.gif]
[cdn1.editmysite.com/editor/images/common/search-input-bg.png]
[cdn1.editmysite.com/editor/images/common/magnifying-glass.png]
[cdn1.editmysite.com/editor/images/common/search-pagination-bg.png]
[cdn1.editmysite.com/editor/images/common/common-v2dc3c.css]
[warisansongket.weebly.com/files/theme/bodybgba66.jpg]
[warisansongket.weebly.com/files/theme/header-bgba66.jpg]
[warisansongket.weebly.com/files/theme/main-bgba66.jpg]
[warisansongket.weebly.com/files/theme/titlebgba66.png]
[warisansongket.weebly.com/files/files/theme/titlebgba66.png]
[warisansongket.weebly.com/files/theme/navigationliba66.gif]
[warisansongket.weebly.com/files/theme/header-right-leftba66.png]
[warisansongket.weebly.com/files/theme/header-rightba66.png]
[warisansongket.weebly.com/files/theme/social-beigeba66.png]
[warisansongket.weebly.com/files/theme/input-bgba66.jpg]
[warisansongket.weebly.com/files/theme/submitba66.jpg]
[warisansongket.weebly.com/files/theme/footer-bgba66.png]
[warisansongket.weebly.com/files/theme/banner-tall-bgba66.png]
[warisansongket.weebly.com/files/theme/banner-tallba66.jpg]
[warisansongket.weebly.com/files/theme/banner-short-bgba66.png]
[warisansongket.weebly.com/files/theme/banner-shortba66.jpg]
[warisansongket.weebly.com/files/theme/banner-landing-bgba66.png]
[warisansongket.weebly.com/files/theme/banner-landingba66.jpg]
[warisansongket.weebly.com/files/theme/body-splash-bgba66.jpg]
[warisansongket.weebly.com/files/theme/banner-splash-bgba66.png]
[warisansongket.weebly.com/files/theme/banner-splashba66.jpg]
[warisansongket.weebly.com/files/theme/footer-splash-bgba66.jpg]
[warisansongket.weebly.com/files/theme/form-input-bgba66.gif]
[warisansongket.weebly.com/files/theme/button_small_greenba66.png]
[warisansongket.weebly.com/files/theme/button_large_greenba66.png]
[warisansongket.weebly.com/files/theme/button_large_brownba66.png]
[warisansongket.weebly.com/files/theme/button_small_brownba66.png]
[warisansongket.weebly.com/files/main_stylefd46.css]
[cdn1.editmysite.com/editor/libraries/flyout_menus_jqd8c1.html]
[warisansongket.weebly.com/index-2.html]
[warisansongket.weebly.com/uploads/1/3/8/5/13850108/1355376803.png]
[warisansongket.weebly.com/uploads/1/3/8/5/13850108/header_images/1355622846.jpg]
[warisansongket.weebly.com/sejarah.html]
[warisansongket.weebly.com/uploads/1/3/8/5/13850108/73780648216.jpg]
[warisansongket.weebly.com/uploads/1/3/8/5/13850108/4099318eb16.jpg]
[warisansongket.weebly.com/uploads/1/3/8/5/13850108/872945.jpg]
[warisansongket.weebly.com/uploads/1/3/8/5/13850108/header_images/1355628347.jpg]
[warisansongket.weebly.com/jenis-corak.html]
[warisansongket.weebly.com/uploads/1/3/8/5/13850108/9721034.jpg]
[warisansongket.weebly.com/uploads/1/3/8/5/13850108/2941368_orig.jpg]
[warisansongket.weebly.com/uploads/1/3/8/5/13850108/69997650613.jpg]
[warisansongket.weebly.com/uploads/1/3/8/5/13850108/header_images/1355628474.jpg]
[warisansongket.weebly.com/motif.html]
[warisansongket.weebly.com/uploads/1/3/8/5/13850108/89454090b55.jpg]
[warisansongket.weebly.com/uploads/1/3/8/5/13850108/header_images/1355628184.jpg]
[warisansongket.weebly.com/cara-pembuatan.html]
[warisansongket.weebly.com/uploads/1/3/8/5/13850108/1355626020.png]
[warisansongket.weebly.com/uploads/1/3/8/5/13850108/1355625949.png]
[warisansongket.weebly.com/bahan-dan-peralatan.html]
[warisansongket.weebly.com/uploads/1/3/8/5/13850108/header_images/1355624248.jpg]
[warisansongket.weebly.com/uploads/1/3/8/5/13850108/5094587.jpg]
[warisansongket.weebly.com/uploads/1/3/8/5/13850108/header_images/1355628275.jpg]
[cdn1.editmysite.com/editor/images/slideshow/slideshowd8c1.css]
[cdn1.editmysite.com/editor/libraries/slideshow-jqd8c1.js]
[warisansongket.weebly.com/galeri.html]
[cdn1.editmysite.com/editor/images/common/search_button.html]
[cdn1.editmysite.com/editor/images/images/blank.html]
[cdn1.editmysite.com/editor/images/common/search-input-bg.html]
[warisansongket.weebly.com/files/files/theme/titlebgba66.html]
[cdn1.editmysite.com/editor/images/slideshow/control_icons.gif]
[cdn1.editmysite.com/editor/images/slideshow/header_slideshow_sprites.png]
[cdn1.editmysite.com/editor/images/slideshow/loading.gif]
[cdn1.editmysite.com/editor/images/slideshow/header_slideshow_sprites1x.png]
[cdn1.editmysite.com/editor/images/slideshow/slideshowd8c1.css]
[cdn1.editmysite.com/editor/libraries/slideshow-jqd8c1.html]
