[www.wawantailor.com/blog/kebaya-pakaian-tradisional-yang-sarat-makna/index.html]
[backblue.gif]
[fade.gif]
[index.html]
[www.wawantailor.com/blog/wp-includes/css/dist/block-library/style.min0899.css]
[www.wawantailor.com/blog/wp-includes/js/mediaelement/mediaelementplayer-legacy.min1f61.css]
[www.wawantailor.com/blog/wp-includes/js/mediaelement/wp-mediaelement.min0899.css]
[www.wawantailor.com/blog/kebaya-pakaian-tradisional-yang-sarat-makna/feed/index.html]
[www.wawantailor.com/blog/wp-content/plugins/contact-form-7/includes/css/stylesfc7a.css]
[www.wawantailor.com/blog/wp-content/themes/ribosome/style0875.css]
[www.wawantailor.com/blog/wp-content/themes/ribosome/css/blocks0875.css]
[www.wawantailor.com/blog/wp-includes/css/dashicons.min0899.css]
[www.wawantailor.com/blog/wp-content/themes/ribosome/css/font-awesome-4.7.0/css/font-awesome.min0899.css]
[www.wawantailor.com/blog/wp-content/plugins/addthis-follow/frontend/build/addthis_wordpress_public.min0899.css]
[www.wawantailor.com/blog/wp-includes/js/jquery/jquery.minf43b.js]
[www.wawantailor.com/blog/wp-includes/js/jquery/jquery-migrate.min5589.js]
[www.wawantailor.com/blog/wp-content/plugins/wordpress-23-related-posts-plugin/static/themes/vertical-md4d3.css]
[www.wawantailor.com/blog/wp-content/uploads/2016/11/background.jpg]
[www.wawantailor.com/blog/wp-content/uploads/2016/09/cropped-wawan3-32x32.png]
[www.wawantailor.com/blog/wp-content/uploads/2016/09/cropped-wawan3-192x192.png]
[www.wawantailor.com/blog/wp-content/uploads/2016/09/cropped-wawan3-180x180.png]
[www.wawantailor.com/blog/wp-content/uploads/2016/09/cropped-wawan3-1.png]
[klikjer.com/members/media/banners/3bt.gif]
[klikjer.com/members/media/banners/3lb.gif]
[klikjer.com/members/media/banners/dbbanner468x60.gif]
[www.wawantailor.com/blog/wp-content/uploads/2024/07/kebaya-1024x1024.png]
[www.wawantailor.com/blog/wp-content/uploads/2024/08/kebaya-moden-150x150.png]
[www.wawantailor.com/blog/wp-content/uploads/2024/08/baju-kebaya-150x150.png]
[www.wawantailor.com/blog/wp-content/plugins/wordpress-23-related-posts-plugin/static/thumbs/20.jpg]
[www.wawantailor.com/blog/wp-content/uploads/2024/10/baju-kebaya-songket-150x150.jpg]
[www.wawantailor.com/blog/wp-content/uploads/2024/09/kebaya-labuh-150x150.png]
[www.wawantailor.com/blog/wp-content/uploads/2024/06/baju-kebaya-moden-150x150.jpg]
[klikjer.com/members/media/banners/4bt.gif]
[klikjer.com/members/media/banners/4lb.gif]
[klikjer.com/members/media/banners/dbbanner728.gif]
[klikjer.com/members/media/banners/2bt.gif]
[klikjer.com/members/media/banners/2lb.gif]
[klikjer.com/members/media/banners/dbbanner350x250.gif]
[www.wawantailor.com/blog/wp-includes/js/dist/i18n.minc33c.js]
[www.wawantailor.com/blog/wp-content/plugins/contact-form-7/includes/swv/js/indexfc7a.js]
[www.wawantailor.com/blog/wp-content/plugins/contact-form-7/includes/js/indexfc7a.js]
[www.wawantailor.com/blog/wp-includes/js/dist/hooks.min4fdd.js]
[www.wawantailor.com/blog/wp-includes/js/comment-reply.min0899.js]
[www.wawantailor.com/blog/wp-content/themes/ribosome/js/navigation0150.js]
[www.wawantailor.com/blog/wp-content/themes/ribosome/js/ribosome-scripts-functions0875.js]
[www.wawantailor.com/blog/kebaya-pakaian-tradisional-yang-sarat-makna/index.html]
[www.wawantailor.com/blog/wp-includes/css/dist/block-library/style.min0899.css]
[stats.wp.com/e-202521.js]
[www.wawantailor.com/blog/wp-includes/js/mediaelement/mediaelementplayer-legacy.min1f61.css]
[www.wawantailor.com/blog/wp-includes/js/mediaelement/wp-mediaelement.min0899.css]
[www.wawantailor.com/blog/wp-content/plugins/contact-form-7/includes/css/stylesfc7a.css]
[www.wawantailor.com/blog/wp-includes/js/mediaelement/mejs-controls.svg]
[www.wawantailor.com/blog/wp-content/themes/ribosome/style0875.css]
[www.wawantailor.com/blog/wp-content/themes/ribosome/css/blocks0875.css]
[www.wawantailor.com/blog/wp-includes/css/dashicons.min0899.css]
[www.wawantailor.com/blog/wp-content/themes/ribosome/css/font-awesome-4.7.0/css/font-awesome.min0899.css]
[www.wawantailor.com/blog/wp-content/plugins/addthis-follow/frontend/build/addthis_wordpress_public.min0899.css]
[www.wawantailor.com/blog/wp-includes/js/jquery/jquery.minf43b.js]
[www.wawantailor.com/blog/wp-includes/js/jquery/jquery-migrate.min5589.js]
[www.wawantailor.com/blog/wp-content/plugins/wordpress-23-related-posts-plugin/static/themes/vertical-md4d3.css]
[www.wawantailor.com/blog/wp-content/uploads/2016/11/banner.html]
[www.wawantailor.com/blog/wp-includes/js/dist/hooks.min4fdd.js]
[www.wawantailor.com/blog/wp-includes/js/dist/i18n.minc33c.js]
[www.wawantailor.com/blog/wp-content/plugins/contact-form-7/includes/swv/js/indexfc7a.js]
[www.wawantailor.com/blog/wp-content/plugins/contact-form-7/includes/js/indexfc7a.js]
[www.wawantailor.com/blog/wp-includes/js/comment-reply.min0899.js]
[www.wawantailor.com/blog/wp-content/themes/ribosome/js/navigation0150.js]
[www.wawantailor.com/blog/wp-content/themes/ribosome/js/ribosome-scripts-functions0875.js]
[www.wawantailor.com/blog/wp-includes/js/mediaelement/mejs-controls.svg]
[s7.addthis.com/js/300/addthis_widget.js]
