[news.detik.com/berita/d-7671332/unesco-tetapkan-kebaya-jadi-warisan-budaya-dunia.html]
[awscdn.detik.net.id/assets/js/jquery-min-3.2.1f727.js]
[awscdn.detik.net.id/assets/js/liquidimagef727.js]
[awscdn.detik.net.id/assets/js/dropdownmenuf727.js]
[awscdn.detik.net.id/assets/js/zoomimgf727.js]
[awscdn.detik.net.id/assets/js/linkcopiedpopf727.js]
[awscdn.detik.net.id/assets/js/iframeresizerf727.js]
[backblue.gif]
[fade.gif]
[index.html]
[news.detik.com/berita/d-7671332/unesco-tetapkan-kebaya-jadi-warisan-budaya-dunia/amp.html]
[applets.ebxcdn.com/ebx.js]
[awscdn.detik.net.id/libs/livecounter/detikLiveUserCounterResponsee813.js]
[awscdn.detik.net.id/news2/css/detailf727.css]
[awscdn.detik.net.id/assets/css/placeholderf727.css]
[awscdn.detik.net.id/commerce/desktop/css/detik.ads-new.css]
[micro.rubiconproject.com/prebid/dynamic/11530.js]
[awscdnstatic.detik.net.id/revive/targeting.js]
[securepubads.g.doubleclick.net/tag/js/f.txt]
[awscdnstatic.detik.net.id/live/_rmbassets/newsfeed/detikRedesign.css]
[servg1.net/of64d.js]
[awscdnstatic.detik.net.id/live/_rmbassets/newsfeed/detikRedesign2.css]
[cdn.insurads.com/bootstrap/S9H7OMZB.js]
[awscdn.detik.net.id/libs/sharebox/js/shareBoxe813.js]
[awscdn.detik.net.id/assets/css/framebar/framebar-newf727.css]
[awscdn.detik.net.id/assets/js/framebar/search-autocompletef727.js]
[awscdn.detik.net.id/assets/js/framebar/searchf727.js]
[awsimages.detik.net.id/community/media/visual/2020/09/17/logo-detiknews2d2b.png]
[awscdn.detik.net.id/assets/images/favicon/favicon-detik-bigf727.png]
[awscdnstatic.detik.net.id/live/_rmbassets/scrollpage/scrollpage2.css]
[awsimages.detik.net.id/community/media/visual/2024/02/28/ilustrasi-kebaya_169f5be.jpg]
[jsc.mgid.com/site/524999.js]
[awscdn.detik.net.id/detik2/images/default-169.gif]
[awsimages.detik.net.id/community/media/visual/2024/09/13/nico-williams-athletic-bilbao-laliga-liga-spanyol_169540b.jpg]
[awsimages.detik.net.id/community/media/visual/2025/06/13/nassar-1749804533328_169540b.jpg]
[awsimages.detik.net.id/community/media/visual/2025/06/13/sri-mulyani-1749812277106_169540b.png]
[awsimages.detik.net.id/community/media/visual/2025/06/13/airbus-a400m-pesanan-tni-au-1749804660406_169540b.png]
[awsimages.detik.net.id/community/media/visual/2025/06/13/populico-1749796355680_169540b.jpg]
[awsimages.detik.net.id/community/media/visual/2025/06/11/alexandr-wang-1749622991230_169540b.jpg]
[awsimages.detik.net.id/community/media/visual/2025/06/12/viral-warga-mengusir-wisatawan-asing-di-pulau-wayag-raja-ampat-1749718822591_169540b.jpg]
[awsimages.detik.net.id/community/media/visual/2025/06/13/bangunan-di-teheran-rusak-usai-terima-serangan-israel-photo-by-sepah-news-afp-1749784995079_169540b.jpg]
[awscdn.detik.net.id/libs/comment/v2/js/zoid.min81d9.js]
[awscdn.detik.net.id/libs/comment/v2/js/bridge81d9.js]
[awscdnstatic.detik.net.id/live/_rmbassets/mr1-scrollpage/scrollpage.css]
[awscdnstatic.detik.net.id/live/_rmbassets/mr2-scrollpage/scrollpage.css]
[awsimages.detik.net.id/community/media/visual/2025/06/12/jaksa-di-ntt-peringati-hut-ke-73-persaja-1749703585465_43540b.png]
[awsimages.detik.net.id/community/media/visual/2025/02/26/kajati-ntt-zet-tadung-allo-saat-diwawancarai-di-ruang-kerjanya-selasa-2522025-simon-sellydetikbali-1740531765983_43540b.jpg]
[awsimages.detik.net.id/community/media/visual/2025/06/11/dewan-pakar-hoegeng-awards-2025-alissa-qotrunnada-wahid-1749621453956_1690803.jpg]
[awsimages.detik.net.id/community/media/visual/2025/06/10/rapat-dewan-pakar-hoegeng-awards-2025-1749530145951_1690803.jpg]
[awscdn.detik.net.id/assets/js/detik.v3.2f727.js]
[awscdn.detik.net.id/assets/js/navbar-sticky-eventf727.js]
[awscdn.detik.net.id/assets/js/slicksliderf727.js]
[awscdn.detik.net.id/assets/js/sticky-share-eventf727.js]
[awscdn.detik.net.id/assets/js/oembed.itp.v2f727.js]
[news.detik.com/berita/d-7671332/unesco-tetapkan-kebaya-jadi-warisan-budaya-dunia.html]
[iat.detiknetwork.com/ip-information.js]
[awscdn.detik.net.id/commerce/desktop/js/detik.ads.controller-new.js]
[cdn.ampproject.org/v0.js]
[cdn.ampproject.org/v0/amp-ad-0.1.js]
[awsimages.detik.net.id/community/media/visual/2024/02/28/ilustrasi-kebaya_1695a82.jpg]
[cdn.ampproject.org/v0/amp-sticky-ad-1.0.js]
[cdn.ampproject.org/v0/amp-carousel-0.1.js]
[cdn.ampproject.org/v0/amp-lightbox-0.1.js]
[cdn.ampproject.org/v0/amp-fx-flying-carpet-0.1.js]
[cdn.ampproject.org/v0/amp-social-share-0.1.js]
[cdn.ampproject.org/v0/amp-iframe-0.1.js]
[cdn.ampproject.org/v0/amp-user-notification-0.1.js]
[cdn.ampproject.org/v0/amp-selector-0.1.js]
[cdn.ampproject.org/v0/amp-list-0.1.js]
[cdn.ampproject.org/v0/amp-mustache-0.2.js]
[cdn.ampproject.org/v0/amp-analytics-0.1.js]
[cdn.ampproject.org/v0/amp-sidebar-0.1.js]
[cdn.ampproject.org/v0/amp-bind-0.1.js]
[cdn.ampproject.org/v0/amp-instagram-0.1.js]
[cdn.ampproject.org/v0/amp-twitter-0.1.js]
[cdn.ampproject.org/v0/amp-fit-text-0.1.js]
[cdn.ampproject.org/v0/amp-youtube-0.1.js]
[cdn.ampproject.org/v0/amp-facebook-0.1.js]
[awscdn.detik.net.id/libs/assets/images/framebar/user_default.png]
[awsimages.detik.net.id/community/media/visual/2024/02/28/ilustrasi-kebaya_1693c94.jpg]
[cdnv.detik.com/videoservice/AdminTV/2025/06/13/cd231040ad854a6aa65eec567eeac9ba-20250613180041-0sb2fc.jpg]
[cdnv.detik.com/videoservice/AdminTV/2025/06/13/26e49904e4374cbfbe80a6d80a156831-20250613170536-0sb2fc.jpg]
[cdnv.detik.com/videoservice/AdminTV/2025/06/13/4d662a5ce96847b49026a743e6f29ffd-20250613162308-0sb2fc.jpg]
[cdnv.detik.com/videoservice/AdminTV/2025/06/13/64ee126e89d343b29c3f0ab492672666-20250613170638-0sb2fc.jpg]
[awsimages.detik.net.id/community/media/visual/2025/06/06/momen-prabowo-dan-timnas-makan-siang-usai-kalahkan-china-1749205582700_169b2fc.jpg]
[news.detik.com/berita/d-7671332/unesco-tetapkan-kebaya-jadi-warisan-budaya-dunia/amp.html]
[www.googletagmanager.com/gtm5445.html]
[awscdn.detik.net.id/news2/css/detailf727.css]
[awscdn.detik.net.id/assets/css/placeholderf727.css]
[awscdn.detik.net.id/commerce/desktop/css/detik.ads-new.css]
[awscdnstatic.detik.net.id/live/_rmbassets/newsfeed/detikRedesign.css]
[awscdnstatic.detik.net.id/live/_rmbassets/newsfeed/detikRedesign2.css]
[awsimages.detik.net.id/community/media/visual/2025/06/06/semringah-prabowo-indonesia-kalahkan-china-jaga-asa-ke-piala-dunia-1749174059628_169b2fc.jpg]
[cdn.insurads.com/bootstrap/S9H7OMZB.js]
[awscdn.detik.net.id/assets/images/icon-sprite.png]
[awscdn.detik.net.id/assets/css/framebar/framebar-newf727.css]
[awscdnstatic.detik.net.id/live/_rmbassets/scrollpage/scrollpage2.css]
[awscdnstatic.detik.net.id/live/_rmbassets/mr1-scrollpage/scrollpage.css]
[awscdnstatic.detik.net.id/live/_rmbassets/mr2-scrollpage/scrollpage.css]
[script.anura.io/requestd41d.js]
[awscdn.detik.net.id/assets/css/framebar/img/loader.gif]
