[medialampung.disway.id/read/688904/kain-tradisional-sumatera-selatan-warisan-budaya-yang-menyimpan-makna.html]
[medialampung.disway.id/assets/favicon.png]
[backblue.gif]
[fade.gif]
[index.html]
[medialampung.disway.id/assets/logo.png]
[medialampung.disway.id/upload/1aa1b76eab242a0a20a7389a26d7f903.jpg]
[apis.google.com/js/platform.js]
[platform.twitter.com/widgets.js]
[sf16-website-login.neutral.ttwstatic.com/obj/tiktok_web_login_static/tiktok/falcon/embed/embed_v1.0.13.js]
[www.instagram.com/embed.js]
[connect.facebook.net/id_ID/sdk.js]
[propsid.b-cdn.net/gpt/disway/medialampungdisway.js]
[pagead2.googlesyndication.com/pagead/js/fa55e.txt]
[cdn.ampproject.org/v0/amp-iframe-0.1.js]
[medialampung.disway.id/assets/frontend/css/bootstrap.min.css]
[medialampung.disway.id/assets/frontend/css/style.css]
[medialampung.disway.id/assets/frontend/css/media.css]
[medialampung.disway.id/assets/frontend/css/owl.carousel.css]
[medialampung.disway.id/assets/frontend/css/owl.theme.default.css]
[medialampung.disway.id/assets/frontend/css/daterangepicker.css]
[medialampung.disway.id/assets/frontend/font-awesome/css/font-awesome.min.css]
[medialampung.disway.id/upload/large/c9601708d43a54688ee497cd43987cca.jpg]
[medialampung.disway.id/upload/large/81be2077d5c69c313c36cf3e86166481.jpg]
[medialampung.disway.id/upload/large/0bee7300f4b9cfbff6a356f42452504a.jpg]
[medialampung.disway.id/upload/large/6a11d94c1ad9c6f0ebbacc7dc365662c.jpg]
[medialampung.disway.id/upload/large/740043d379921c273dca592f7b0d9bc1.jpg]
[medialampung.disway.id/upload/large/617a7b17043947fd9f090fed5de41871.jpg]
[medialampung.disway.id/upload/large/be1786067aaa23371b32f80f6e801c6e.jpg]
[medialampung.disway.id/upload/large/62d5131430ca6d1c2c6bf0d3d5873385.jpg]
[medialampung.disway.id/upload/large/ab5f0644eedf37d98c9a1faaba1d37c8.jpg]
[medialampung.disway.id/upload/large/28803af2a1b8f2e09fa2cdd89d8ffca2.jpg]
[medialampung.disway.id/read/688904/kain-tradisional-sumatera-selatan-warisan-budaya-yang-menyimpan-makna/15.html]
[medialampung.disway.id/read/688904/kain-tradisional-sumatera-selatan-warisan-budaya-yang-menyimpan-makna/30.html]
[medialampung.disway.id/upload/large/1d16e442ac589c823ae6f2ebfb9d32a6.jpg]
[medialampung.disway.id/upload/large/6aa13a82cacfff52dcc85b70c25a13cc.jpg]
[medialampung.disway.id/upload/large/dea801ef3bcbd3d5a7233b63530828b6.jpg]
[medialampung.disway.id/upload/large/707db61337e16b91e727c908bfd40838.jpg]
[medialampung.disway.id/upload/large/7044ce77d07ae95eef4f4f9725b43415.jpg]
[medialampung.disway.id/assets/frontend/js/jquery-1.11.0.js]
[medialampung.disway.id/assets/frontend/js/bootstrap.min.js]
[medialampung.disway.id/assets/frontend/js/owl.carousel.min.js]
[medialampung.disway.id/assets/frontend/js/moment.min.js]
[medialampung.disway.id/assets/frontend/js/daterangepicker.js]
[medialampung.disway.id/read/688904/kain-tradisional-sumatera-selatan-warisan-budaya-yang-menyimpan-makna.html]
[www.instagram.com/embed.js]
[medialampung.disway.id/assets/frontend/js/intern.js]
[connect.facebook.net/id_ID/sdk.js]
[anymind360.com/js/8096/ats.js]
[www.googletagmanager.com/gtm5445.html]
[medialampung.disway.id/assets/frontend/css/bootstrap.min.css]
[medialampung.disway.id/assets/frontend/img/socialbg.jpg]
[medialampung.disway.id/assets/frontend/img/foto1.jpg]
[disway.id/assets/logo_iklan_disini.png]
[medialampung.disway.id/assets/frontend/css/style.css]
[medialampung.disway.id/assets/frontend/css/media.css]
[medialampung.disway.id/assets/frontend/css/owl.video.play.png]
[medialampung.disway.id/assets/frontend/css/owl.carousel.css]
[medialampung.disway.id/assets/frontend/css/owl.theme.default.css]
[medialampung.disway.id/assets/frontend/css/daterangepicker.css]
[medialampung.disway.id/assets/frontend/font-awesome/css/font-awesome.min.css]
[medialampung.disway.id/read/688904/kain-tradisional-sumatera-selatan-warisan-budaya-yang-menyimpan-makna/15.html]
[medialampung.disway.id/read/688904/kain-tradisional-sumatera-selatan-warisan-budaya-yang-menyimpan-makna/30.html]
[medialampung.disway.id/read/688904/chrome-extension_/index.html]
[medialampung.disway.id/read/688904/$1/index.html]
[medialampung.disway.id/read/688904/embed/index.html]
[medialampung.disway.id/read/688904/captioned/index.html]
[medialampung.disway.id/assets/frontend/img/socialbg.html]
[medialampung.disway.id/assets/frontend/css/owl.video.play.html]
[medialampung.disway.id/read/688904/kain-tradisional-sumatera-selatan-warisan-budaya-yang-menyimpan-makna/medialampung.co.html]
[medialampung.disway.id/read/688904/kain-tradisional-sumatera-selatan-warisan-budaya-yang-menyimpan-makna/medialampung.co.html]
