[rogerqisutton.blogspot.com/2022/07/tutorial-jahit-baju-kurung-kedah.html]
[backblue.gif]
[fade.gif]
[index.html]
[i.pinimg.com/originals/76/c3/27/76c32781b790c7d8b2153fc14a3c9d67.jpg]
[cdnjs.cloudflare.com/ajax/libs/jquery/3.5.0/jquery.min.js]
[apis.google.com/js/platform.js]
[pagead2.googlesyndication.com/pagead/js/f.txt]
[aly.diraya.my.id/728.js]
[aly.diraya.my.id/300.js]
[i.pinimg.com/originals/d5/70/ef/d570ef5db55cd74d0db597d215d11196.jpg]
[i.pinimg.com/474x/b8/91/31/b89131726cb704936b8c30e34e855651--baju-wanita-baju-kurung.jpg]
[i.pinimg.com/originals/94/0b/4d/940b4d857b4d75fdf0e74d19c47cfb70.jpg]
[i.pinimg.com/236x/d7/f2/e8/d7f2e8bf313505d0e0780da5e4e6c605--baju-kurung-baju-wanita.jpg]
[www.blogger.com/static/v1/jsbin/1167892209-comment_from_post_iframe.js]
[rogerqisutton.blogspot.com/2022/07/sidai-baju-dalam-rumah.html]
[cdnjs.cloudflare.com/ajax/libs/font-awesome/4.7.0/css/font-awesome.min.css]
[aly.diraya.my.id/320.js]
[www.blogger.com/static/v1/widgets/2838643729-widgets.js]
[rogerqisutton.blogspot.com/2022/07/tutorial-jahit-baju-kurung-kedah.html]
[www.blogger.com/dyn-css/authorization3979.css]
[dailytv.my/wp-content/uploads/2021/10/jemur.jpg]
[rogerqisutton.blogspot.com/2022/07/index.html]
[img.astroawani.com/2021-10/51633307603_JemurKain.jpg]
[mykmu.net/wp-content/cache/thumbnails/2021/10/SidaiBaju-DalamRumah-800x445-c.19.delayed]
[sabahnews.com.my/wp-content/uploads/2021/10/sidai-baju.jpg]
[rogerqisutton.blogspot.com/2022/07/sidai-baju-dalam-rumah.html]
[rogerqisutton.blogspot.com/2022/07/index.html]
[cdnjs.cloudflare.com/ajax/libs/font-awesome/4.7.0/css/font-awesome.min.css]
[draft.blogger.com/dyn-css/authorization3979.css]
[www.kifarahmedia.com/wp-content/uploads/2018/01/img_9230.html]
[mykmu.net/wp-content/cache/thumbnails/2021/10/SidaiBaju-DalamRumah-800x445-c.html]
