[duniafesyen.com/2024/07/05/tradisi-elegan-pesona-baju-kebaya-pengantin-di-malaysia/index.html]
[duniafesyen-media.s3.ap-southeast-1.amazonaws.com/wp-content/uploads/2025/03/03181828/DF-Favicon-32x32-1.png]
[backblue.gif]
[fade.gif]
[index.html]
[duniafesyen.com/wp-content/plugins/elementor/assets/lib/swiper/v8/css/swiper.min94a4.css]
[duniafesyen.com/2024/07/05/tradisi-elegan-pesona-baju-kebaya-pengantin-di-malaysia/feed/index.html]
[duniafesyen.com/wp-content/plugins/elementor/assets/css/conditionals/e-swiper.min89ce.css]
[duniafesyen.com/wp-content/plugins/instagram-feed/css/sbi-styles.mine1b2.css]
[duniafesyen.com/wp-content/plugins/header-footer-elementor/inc/widgets-css/frontend254d.css]
[duniafesyen.com/wp-includes/css/dist/block-library/style.min0899.css]
[duniafesyen.com/wp-content/plugins/revslider/public/css/sr7968e.css]
[duniafesyen.com/wp-content/plugins/header-footer-elementor/assets/css/header-footer-elementor254d.css]
[duniafesyen.com/wp-content/plugins/elementor/assets/lib/eicons/css/elementor-icons.min4e44.css]
[duniafesyen.com/wp-content/uploads/elementor/css/post-77f87.css]
[duniafesyen.com/wp-content/plugins/woocommerce/assets/css/brands519f.css]
[duniafesyen.com/wp-content/plugins/woocommerce/assets/css/photoswipe/default-skin/default-skin.min519f.css]
[duniafesyen.com/wp-content/themes/elessi-theme/assets/minify-font-icons/fonts.min0899.css]
[duniafesyen.com/wp-content/plugins/yith-woocommerce-compare/assets/css/jquery.dataTables89d9.css]
[duniafesyen.com/wp-content/plugins/yith-woocommerce-compare/assets/css/compare41fe.css]
[duniafesyen.com/wp-content/plugins/yith-woocommerce-compare/assets/css/widget41fe.css]
[duniafesyen.com/wp-content/plugins/elementor/assets/lib/eicons/css/elementor-icons.min705c.css]
[duniafesyen.com/wp-content/plugins/elementor/assets/css/widget-icon-list.min44b4.css]
[duniafesyen.com/wp-content/plugins/elementor/assets/css/widget-social-icons.min2401.css]
[duniafesyen.com/wp-content/plugins/elementor/assets/lib/font-awesome/css/brands52d5.css]
[duniafesyen.com/wp-content/plugins/elementor/assets/lib/font-awesome/css/fontawesome52d5.css]
[duniafesyen.com/wp-content/plugins/elementor/assets/lib/font-awesome/css/solid52d5.css]
[duniafesyen.com/wp-content/themes/elessi-theme-child/style0899.css]
[duniafesyen.com/wp-content/themes/elessi-theme/style0899.css]
[duniafesyen.com/wp-content/themes/elessi-theme/style-elementor.css]
[duniafesyen.com/wp-content/themes/elessi-theme/assets/css/style-crazy-load.css]
[duniafesyen.com/wp-content/themes/elessi-theme/assets/css/style-large.css]
[duniafesyen.com/wp-content/themes/elessi-theme/assets/css/style-posts.css]
[duniafesyen.com/wp-content/themes/elessi-theme/assets/css/style-font-weight-500.css]
[duniafesyen.com/wp-content/plugins/nasa-core/assets/css/nasa-sc-woo.css]
[duniafesyen.com/wp-content/plugins/nasa-core/assets/css/nasa-sc.css]
[duniafesyen.com/wp-content/uploads/elementor/google-fonts/css/jostf098.css]
[duniafesyen.com/wp-includes/js/jquery/jquery-migrate.min5589.js]
[duniafesyen.com/wp-includes/js/jquery/jquery.minf43b.js]
[duniafesyen.com/wp-content/plugins/rac/assets/js/fp-rac-guest-checkout9999.js]
[duniafesyen.com/wp-content/plugins/woocommerce/assets/js/jquery-blockui/jquery.blockUI.mina535.js]
[duniafesyen.com/wp-content/plugins/revslider/public/js/libs/tptools968e.js]
[duniafesyen.com/wp-content/plugins/revslider/public/js/sr7968e.js]
[duniafesyen.com/wp-content/plugins/woocommerce/assets/js/js-cookie/js.cookie.min6761.js]
[duniafesyen.com/wp-content/plugins/woocommerce/assets/js/frontend/woocommerce.min519f.js]
[duniafesyen.com/wp-content/plugins/woocommerce/assets/js/photoswipe/photoswipe.min628b.js]
[duniafesyen.com/wp-content/plugins/woocommerce/assets/js/photoswipe/photoswipe-ui-default.min628b.js]
[duniafesyen.com/wp-content/plugins/woocommerce/assets/js/frontend/cart-fragments.min519f.js]
[duniafesyen.com/wp-includes/js/underscore.min3ab8.js]
[duniafesyen.com/wp-includes/js/wp-util.min0899.js]
[duniafesyen.com/wp-content/plugins/woocommerce/assets/js/frontend/add-to-cart-variation.min519f.js]
[duniafesyen.com/2024/07/05/tradisi-elegan-pesona-baju-kebaya-pengantin-di-malaysia/revslider/revslider.php]
[duniafesyen-media.s3.ap-southeast-1.amazonaws.com/wp-content/uploads/2025/03/03181633/Dunia-Fesyen-Logo.png]
[duniafesyen.com/wp-content/themes/elessi-theme/admin/assets/images/breadcrumb-bg.jpg]
[duniafesyen-media.s3.ap-southeast-1.amazonaws.com/wp-content/uploads/2024/12/28123732/Kebaya-pengantin-min.jpg]
[duniafesyen-media.s3.ap-southeast-1.amazonaws.com/wp-content/uploads/2024/12/28123751/Kebaya-pengantin-hijab-min.jpg]
[duniafesyen-media.s3.ap-southeast-1.amazonaws.com/wp-content/uploads/2024/12/28123741/Kebaya-pengantin-malaysia-min.jpg]
[duniafesyen-media.s3.ap-southeast-1.amazonaws.com/wp-content/uploads/2025/02/28123723/brik-handbeg-min.jpg]
[duniafesyen-media.s3.ap-southeast-1.amazonaws.com/wp-content/uploads/2024/04/28123828/4-BLOUSE-SUIT-PILIHAN-DUNIA-FESYEN.png]
[duniafesyen-media.s3.ap-southeast-1.amazonaws.com/wp-content/uploads/2024/12/28123809/Sandwitch-outfit.jpg]
[duniafesyen-media.s3.ap-southeast-1.amazonaws.com/wp-content/uploads/2023/07/28124535/Fashion-1.png]
[duniafesyen-media.s3.ap-southeast-1.amazonaws.com/wp-content/uploads/2023/07/28124306/Baju-Kurung-New-Arrival-Rugi-Kalau-Sekadar-Tengok-2-1.png]
[duniafesyen-media.s3.ap-southeast-1.amazonaws.com/wp-content/uploads/2023/07/28124630/Brown-and-Beige-Minimalist-Fashion-Banner-1-scaled.jpg]
[duniafesyen-media.s3.ap-southeast-1.amazonaws.com/wp-content/uploads/2023/02/28125820/Untitled-design-2.png]
[duniafesyen-media.s3.ap-southeast-1.amazonaws.com/wp-content/uploads/2023/02/28131134/teluk-belanga-2.jpg]
[duniafesyen-media.s3.ap-southeast-1.amazonaws.com/wp-content/uploads/2025/03/03182040/Dunia-Fesyen-Logo-1.png]
[duniafesyen-media.s3.ap-southeast-1.amazonaws.com/wp-content/uploads/2017/11/03173831/payment-icons.png]
[duniafesyen.com/wp-content/plugins/seo-by-rank-math/includes/modules/schema/blocks/toc/assets/css/toc_list_style3e56.css]
[duniafesyen.com/wp-content/plugins/akismet/_inc/akismet-frontendd95c.js]
[duniafesyen.com/wp-content/plugins/elementor/assets/lib/swiper/v8/swiper.min94a4.js]
[duniafesyen.com/wp-content/plugins/contact-form-7/includes/swv/js/index369f.js]
[duniafesyen.com/wp-content/plugins/contact-form-7/includes/js/index369f.js]
[duniafesyen.com/wp-content/plugins/woocommerce/assets/js/sourcebuster/sourcebuster.min519f.js]
[duniafesyen.com/wp-content/plugins/woocommerce/assets/js/frontend/order-attribution.min519f.js]
[duniafesyen.com/wp-content/plugins/woocommerce/assets/js/jquery-cookie/jquery.cookie.minad60.js]
[duniafesyen.com/wp-content/plugins/nasa-core/assets/js/min/countdown.min.js]
[duniafesyen.com/wp-content/plugins/nasa-core/assets/js/min/jquery.slick.min.js]
[duniafesyen.com/wp-content/themes/elessi-theme/assets/js/min/typeahead.bundle.min.js]
[duniafesyen.com/wp-content/themes/elessi-theme/assets/js/min/handlebars.min.js]
[duniafesyen.com/wp-content/themes/elessi-theme/assets/js/min/functions.min.js]
[duniafesyen.com/wp-content/themes/elessi-theme/assets/js/min/main.min.js]
[duniafesyen.com/wp-content/themes/elessi-theme/assets/js/min/js-large.min.js]
[duniafesyen.com/wp-content/themes/elessi-theme/assets/js/min/main-async.min.js]
[duniafesyen.com/wp-content/themes/elessi-theme/assets/js/min/nasa-quickview.min.js]
[duniafesyen.com/wp-includes/js/comment-reply.min0899.js]
[duniafesyen.com/wp-content/plugins/nasa-core/assets/js/min/nasa.functions.min.js]
[duniafesyen.com/wp-content/plugins/nasa-core/assets/js/min/nasa.script.min.js]
[duniafesyen.com/wp-content/plugins/elementor/assets/js/webpack.runtime.min89ce.js]
[duniafesyen.com/wp-content/plugins/elementor/assets/js/frontend-modules.min89ce.js]
[duniafesyen.com/wp-includes/js/jquery/ui/core.minb37e.js]
[duniafesyen.com/wp-content/plugins/elementor/assets/js/frontend.min89ce.js]
[duniafesyen.com/2024/07/05/tradisi-elegan-pesona-baju-kebaya-pengantin-di-malaysia/index.html]
[duniafesyen.com/wp-content/plugins/elementor/assets/lib/swiper/v8/css/swiper.min94a4.css]
[duniafesyen.com/wp-content/plugins/elementor/assets/css/conditionals/e-swiper.min89ce.css]
[duniafesyen.com/wp-content/plugins/elementor/assets/css/frontend.min89ce.css]
[duniafesyen.com/wp-content/uploads/elementor/css/post-37024f97.css]
[duniafesyen.com/wp-content/plugins/instagram-feed/img/sbi-sprite.png]
[duniafesyen.com/wp-content/plugins/instagram-feed/css/sbi-styles.mine1b2.css]
[duniafesyen.com/wp-content/plugins/header-footer-elementor/inc/widgets-css/frontend254d.css]
[duniafesyen.com/wp-includes/css/dist/block-library/style.min0899.css]
[duniafesyen.com/wp-content/plugins/revslider/public/css/sr7968e.css]
[duniafesyen.com/wp-content/plugins/header-footer-elementor/assets/css/header-footer-elementor254d.css]
[duniafesyen.com/wp-content/plugins/elementor/assets/lib/eicons/css/elementor-icons.min4e44.css]
[duniafesyen.com/wp-content/uploads/elementor/css/post-77f87.css]
[duniafesyen.com/wp-content/plugins/woocommerce/assets/css/brands519f.css]
[duniafesyen.com/wp-content/themes/elessi-theme/assets/minify-font-icons/font-nasa-icons/nasa-font.eot]
[duniafesyen.com/wp-content/themes/elessi-theme/assets/minify-font-icons/font-nasa-icons/nasa-fontd41d.eot]
[duniafesyen.com/wp-content/themes/elessi-theme/assets/minify-font-icons/font-nasa-icons/nasa-font.woff]
[duniafesyen.com/wp-content/themes/elessi-theme/assets/minify-font-icons/font-nasa-icons/nasa-font.ttf]
[duniafesyen.com/wp-content/themes/elessi-theme/assets/minify-font-icons/font-nasa-icons/nasa-font.svg]
[duniafesyen.com/wp-content/themes/elessi-theme/assets/minify-font-icons/font-awesome-4.7.0/fontawesome-webfont.eot]
[duniafesyen.com/wp-content/themes/elessi-theme/assets/minify-font-icons/font-awesome-4.7.0/fontawesome-webfont.woff2]
[duniafesyen.com/wp-content/themes/elessi-theme/assets/minify-font-icons/font-awesome-4.7.0/fontawesome-webfont.woff]
[duniafesyen.com/wp-content/themes/elessi-theme/assets/minify-font-icons/font-awesome-4.7.0/fontawesome-webfontd41d.eot]
[duniafesyen.com/wp-content/themes/elessi-theme/assets/minify-font-icons/font-awesome-4.7.0/fontawesome-webfont.ttf]
[duniafesyen.com/wp-content/themes/elessi-theme/assets/minify-font-icons/font-pe-icon-7-stroke/Pe-icon-7-stroke.eot]
[duniafesyen.com/wp-content/themes/elessi-theme/assets/minify-font-icons/font-pe-icon-7-stroke/Pe-icon-7-stroked41d.eot]
[duniafesyen.com/wp-content/themes/elessi-theme/assets/minify-font-icons/font-awesome-4.7.0/fontawesome-webfontd41d.svg]
[duniafesyen.com/wp-content/themes/elessi-theme/assets/minify-font-icons/font-pe-icon-7-stroke/Pe-icon-7-stroke.woff]
[duniafesyen.com/wp-content/themes/elessi-theme/assets/minify-font-icons/font-pe-icon-7-stroke/Pe-icon-7-stroke.ttf]
[duniafesyen.com/wp-content/themes/elessi-theme/assets/minify-font-icons/fonts.min0899.css]
[duniafesyen.com/wp-content/themes/elessi-theme/assets/minify-font-icons/font-pe-icon-7-stroke/Pe-icon-7-stroke.svg]
[duniafesyen.com/wp-content/plugins/woocommerce/assets/css/photoswipe/default-skin/default-skin.png]
[duniafesyen.com/wp-content/plugins/woocommerce/assets/css/photoswipe/photoswipe.min519f.css]
[duniafesyen.com/wp-content/plugins/woocommerce/assets/css/photoswipe/default-skin/default-skin.svg]
[duniafesyen.com/wp-content/plugins/woocommerce/assets/css/photoswipe/default-skin/preloader.gif]
[duniafesyen.com/wp-content/plugins/woocommerce/assets/css/photoswipe/default-skin/default-skin.min519f.css]
[duniafesyen.com/wp-content/plugins/yith-woocommerce-compare/assets/css/DataTables-1.10.18/images/sort_both.png]
[duniafesyen.com/wp-content/plugins/yith-woocommerce-compare/assets/css/DataTables-1.10.18/images/sort_asc.png]
[duniafesyen.com/wp-content/plugins/yith-woocommerce-compare/assets/css/DataTables-1.10.18/images/sort_desc.png]
[duniafesyen.com/wp-content/plugins/yith-woocommerce-compare/assets/css/DataTables-1.10.18/images/sort_asc_disabled.png]
[duniafesyen.com/wp-content/plugins/yith-woocommerce-compare/assets/css/DataTables-1.10.18/images/sort_desc_disabled.png]
[duniafesyen.com/wp-content/plugins/yith-woocommerce-compare/assets/css/jquery.dataTables89d9.css]
[duniafesyen.com/wp-content/plugins/yith-woocommerce-compare/assets/images/nav-arrow.png]
[duniafesyen.com/wp-content/plugins/yith-woocommerce-compare/assets/css/compare41fe.css]
[duniafesyen.com/wp-content/plugins/yith-woocommerce-compare/assets/css/widget41fe.css]
[duniafesyen.com/wp-content/plugins/elementor/assets/lib/eicons/css/elementor-icons.min705c.css]
[duniafesyen.com/wp-content/plugins/elementor/assets/css/widget-icon-list.min44b4.css]
[duniafesyen.com/wp-content/plugins/elementor/assets/css/widget-social-icons.min2401.css]
[duniafesyen.com/wp-content/plugins/elementor/assets/lib/font-awesome/css/brands52d5.css]
[duniafesyen.com/wp-content/plugins/elementor/assets/lib/font-awesome/css/fontawesome52d5.css]
[duniafesyen.com/wp-content/plugins/elementor/assets/lib/font-awesome/css/solid52d5.css]
[duniafesyen.com/wp-content/themes/elessi-theme/style0899.css]
[duniafesyen.com/wp-content/themes/elessi-theme-child/style0899.css]
[duniafesyen.com/wp-content/themes/elessi-theme/style-elementor.css]
[duniafesyen.com/wp-content/themes/elessi-theme/assets/css/style-crazy-load.css]
[duniafesyen.com/wp-content/themes/elessi-theme/assets/css/style-large.css]
[duniafesyen.com/wp-content/themes/elessi-theme/assets/css/style-posts.css]
[duniafesyen.com/wp-content/themes/elessi-theme/assets/css/style-font-weight-500.css]
[duniafesyen.com/wp-content/plugins/nasa-core/assets/css/nasa-sc-woo.css]
[duniafesyen.com/wp-content/plugins/nasa-core/assets/css/assets/images/quote-left.png]
[duniafesyen.com/wp-content/plugins/nasa-core/assets/css/nasa-sc.css]
[duniafesyen.com/wp-content/uploads/nasa-dynamic/dynamicc791.css]
[duniafesyen.com/wp-content/uploads/elementor/google-fonts/css/jostf098.css]
[duniafesyen.com/2024/07/05/tradisi-elegan-pesona-baju-kebaya-pengantin-di-malaysia/revslider/revslider.html]
[duniafesyen.com/wp-content/plugins/seo-by-rank-math/includes/modules/schema/blocks/toc/assets/css/toc_list_style3e56.css]
[duniafesyen.com/wp-content/plugins/elementor/assets/css/frontend.min89ce.css]
[duniafesyen.com/wp-content/uploads/elementor/css/post-37024f97.css]
[duniafesyen.com/wp-content/themes/elessi-theme/assets/minify-font-icons/font-nasa-icons/nasa-font.svg]
[duniafesyen.com/wp-content/plugins/woocommerce/assets/js/frontend/add-to-cart.min519f.js]
[duniafesyen.com/wp-content/themes/elessi-theme/assets/minify-font-icons/font-awesome-4.7.0/fontawesome-webfontd41d.svg]
[duniafesyen.com/wp-content/themes/elessi-theme/assets/minify-font-icons/font-pe-icon-7-stroke/Pe-icon-7-stroke.svg]
[duniafesyen.com/wp-content/plugins/woocommerce/assets/css/photoswipe/photoswipe.min519f.css]
[duniafesyen.com/wp-content/plugins/woocommerce/assets/css/photoswipe/default-skin/default-skin.svg]
[duniafesyen.com/wp-content/uploads/nasa-dynamic/dynamicc791.css]
[duniafesyen.com/wp-content/plugins/woocommerce/assets/client/blocks/wc-blocksadac.css]
[duniafesyen.com/wp-content/plugins/woocommerce/assets/client/blocks/wc-blocksadac.css]
