[styleofindonesia.fashion.blog/2016/12/03/kebaya/index.html]
[backblue.gif]
[fade.gif]
[index.html]
[styleofindonesia.fashion.blog/2016/12/03/kebaya/feed/index.html]
[s1.wp.com/wp-content/plugins/gutenberg-core/v20.6.0/build/block-library/style00e5.css]
[s2.wp.com/wp-content/mu-plugins/jetpack-mu-wpcom-plugin/sun/jetpack_vendor/automattic/jetpack-mu-wpcom/src/build/verbum-comments/verbum-commentsb644.css]
[widgets.wp.com/verbum-block-editor/block-editor55e2.css]
[s1.wp.com/_static/indexbe93.html]
[s0.wp.com/wp-content/plugins/gutenberg-core/v20.6.0/build/hooks/index.min0e4e.js]
[s0.wp.com/wp-content/plugins/gutenberg-core/v20.6.0/build/i18n/index.minb892.js]
[s2.wp.com/i/webclip.png]
[styleofindonesia.fashion.blog/wp-content/uploads/2016/12/wanita_dan_kebaya_4_by_mumowcamefromhell2cc2.jpg]
[styleofindonesia.fashion.blog/wp-content/uploads/2016/12/puteripaulina-696x45223d0.jpg]
[pramugariblog.wordpress.com/wp-content/uploads/2013/01/176604_10151191970433301_434001175_o_zpsdb1c8e5b.jpg]
[pramugariblog.wordpress.com/wp-content/uploads/2013/01/176604_10151191970433301_434001175_o_zpsdb1c8e5b001f.jpg]
[s2.wp.com/wp-content/mu-plugins/jetpack-plugin/sun/jetpack_vendor/automattic/jetpack-forms/dist/modules/form/viewa785.js]
[s0.wp.com/wp-content/plugins/gutenberg-core/v20.6.0/build-module/interactivity/index.minb35f.js]
[0.gravatar.com/js/hovercards/hovercards.mind481.js]
[s2.wp.com/wp-content/mu-plugins/gravatar-hovercards/wpgrohoe8bd.js]
[styleofindonesia.fashion.blog/2016/12/03/kebaya/GET]
[s2.wp.com/i/logo/wpcom-gray-white.png]
[s0.wp.com/wp-content/mu-plugins/actionbar/actionbar3d0f.css]
[s0.wp.com/wp-content/mu-plugins/actionbar/actionbarb20e.js]
[s1.wp.com/wp-content/js/mobile-useragent-infodb1d.js]
[s1.wp.com/wp-content/mu-plugins/jetpack-mu-wpcom-plugin/sun/jetpack_vendor/automattic/jetpack-mu-wpcom/src/build/verbum-comments/assets/dynamic-loader884c.js]
[stats.wp.com/wa3f3.js]
[pixel.wp.com/b0b80.gif]
[styleofindonesia.fashion.blog/2016/12/03/kebaya/index.html]
[s1.wp.com/wp-content/plugins/gutenberg-core/v20.6.0/build/block-library/style00e5.css]
[styleofindonesia.fashion.blog/wp-content/js/bilmur-4.min9189.js]
[s0.wp.com/i/loading/dark-200.gif]
[s2.wp.com/wp-content/mu-plugins/jetpack-mu-wpcom-plugin/sun/jetpack_vendor/automattic/jetpack-mu-wpcom/src/build/verbum-comments/verbum-commentsb644.css]
[widgets.wp.com/verbum-block-editor/block-editor55e2.css]
[styleofindonesia.fashion.blog/2016/12/03/kebaya/index9a7b.html]
[styleofindonesia.fashion.blog/2016/12/03/kebaya/index5a58.html]
[styleofindonesia.fashion.blog/2016/12/03/kebaya/GET.html]
[s0.wp.com/wp-content/mu-plugins/actionbar/actionbar3d0f.css]
